python : Traceback (most 
recent call last):
At line:1 char:30
+ ... nv:PYTHONPATH = 
"backend"; python 
tmp/test_search_fix.py 
2>&1 | Out-F ...
+                         
       ~~~~~~~~~~~~~~~~~~~
~~~~~~~~~~~~~~~
    + CategoryInfo        
      : NotSpecified: (T  
  raceback (most recent   
  call last)::String)     
[], RemoteException
    + FullyQualifiedError 
   Id : NativeCommandErr  
  or
 
  File "C:\Users\ianku\Doc
uments\VS Code\Rizal-Thema
tic-Exploration\tmp\test_s
earch_fix.py", line 5, in 
<module>
    from app.core.engine 
import RizalEngine
  File "C:\Users\ianku\Doc
uments\VS Code\Rizal-Thema
tic-Exploration\backend\ap
p\core\engine.py", line 
12, in <module>
    from 
app.models.database 
import Sentence
  File "C:\Users\ianku\Doc
uments\VS Code\Rizal-Thema
tic-Exploration\backend\ap
p\models\database.py", 
line 6, in <module>
    settings = 
get_settings()
               
^^^^^^^^^^^^^^
  File "C:\Users\ianku\Doc
uments\VS Code\Rizal-Thema
tic-Exploration\backend\ap
p\core\config.py", line 
44, in get_settings
    return Settings()
           ^^^^^^^^^^
  File "C:\Users\ianku\App
Data\Local\Programs\Python
\Python311\Lib\site-packag
es\pydantic_settings\main.
py", line 242, in __init__
    super().__init__(**__p
ydantic_self__.__class__._
settings_build_values(sour
ces, init_kwargs))
  File "C:\Users\ianku\App
Data\Local\Programs\Python
\Python311\Lib\site-packag
es\pydantic\main.py", 
line 250, in __init__
    validated_self = self.
__pydantic_validator__.val
idate_python(data, 
self_instance=self)
                     ^^^^^
^^^^^^^^^^^^^^^^^^^^^^^^^^
^^^^^^^^^^^^^^^^^^^^^^^^^^
^^^^^^^^^^^^
pydantic_core._pydantic_co
re.ValidationError: 2 
validation errors for 
Settings
DATABASE_URL
  Field required 
[type=missing, 
input_value={}, 
input_type=dict]
    For further 
information visit https://
errors.pydantic.dev/2.12/v
/missing
REDIS_URL
  Field required 
[type=missing, 
input_value={}, 
input_type=dict]
    For further 
information visit https://
errors.pydantic.dev/2.12/v
/missing
